// Jest Snapshot v1, https://goo.gl/fbAQLP

exports[`<Sidebar /> should be match snapshot 1`] = `undefined`;

exports[`<Sidebar /> should be match snapshot 2`] = `undefined`;
